PHPUnit 11.5.27 by Sebastian Bergmann and contributors.

Runtime:       PHP 8.4.10
Configuration: /media/seb@bysince.fr/var/www/bysince.fr/upload/phpunit.xml

...[31;1mE[0m[31;1mE[0m[31;1mE[0m[31;1mE[0m.[31;1mE[0m[31;1mE[0m...[31;1mE[0m[33;1mW[0m[41;37mF[0m[41;37mF[0m[31;1mE[0m[41;37mF[0m[41;37mF[0m{"error":"Token CSRF invalide"}